---
source: crates/tapir-script/vm/src/lib.rs
expression: stack_at_waits
input_file: crates/tapir-script/vm/src/snapshot_tests/stack/functions/call_statement.tapir
---
[
  ([
    [
      67,
    ],
  ], PropObj(
    int_prop: 5,
  )),
  ([
    [
      67,
      33,
      7,
    ],
  ], PropObj(
    int_prop: 33,
  )),
  ([
    [
      67,
    ],
  ], PropObj(
    int_prop: 33,
  )),
  ([], PropObj(
    int_prop: 67,
  )),
]
