---
source: crates/tapir-script/compiler/src/compile/loop_visitor.rs
expression: script
input_file: crates/tapir-script/compiler/src/compile/snapshot_tests/loop_visitor/no_breaks_if_statement_success.tapir
---
Script(
  functions: [
    Function(
      name: "@toplevel",
      span: "[span]",
      statements: [
        Statement(
          span: "[span]",
          kind: Loop(
            block: [
              Statement(
                span: "[span]",
                kind: If(
                  condition: Expression(
                    span: "[span]",
                    kind: Bool(true),
                    meta: {},
                  ),
                  true_block: [
                    Statement(
                      span: "[span]",
                      kind: Continue,
                      meta: {},
                    ),
                  ],
                  false_block: [
                    Statement(
                      span: "[span]",
                      kind: Return(
                        values: [],
                      ),
                      meta: {},
                    ),
                  ],
                ),
                meta: {},
              ),
            ],
          ),
          meta: {
            "compiler::compile::loop_visitor::LoopContainsNoBreak": "LoopContainsNoBreak",
          },
        ),
      ],
      arguments: [],
      return_types: FunctionReturn(
        types: [],
        span: "[span]",
      ),
      modifiers: FunctionModifiers(
        is_event_handler: None,
      ),
    ),
  ],
)
