---
source: crates/tapir-script/compiler/src/compile/symtab_visitor.rs
expression: script
input_file: crates/tapir-script/compiler/src/compile/snapshot_tests/symtab_visitor/property_success.tapir
---
Script(
  functions: [
    Function(
      name: "@toplevel",
      span: "[span]",
      statements: [
        Statement(
          span: "[span]",
          kind: VariableDeclaration(
            ident: "x",
            value: Expression(
              span: "[span]",
              kind: BinaryOperation(
                lhs: Expression(
                  span: "[span]",
                  kind: Variable("int_prop"),
                  meta: {
                    "compiler::ast::SymbolId": "SymbolId(0)",
                  },
                ),
                operator: Add,
                rhs: Expression(
                  span: "[span]",
                  kind: Integer(2),
                  meta: {},
                ),
              ),
              meta: {},
            ),
          ),
          meta: {
            "compiler::ast::SymbolId": "SymbolId(1)",
          },
        ),
        Statement(
          span: "[span]",
          kind: Assignment(
            ident: "int_prop",
            value: Expression(
              span: "[span]",
              kind: Integer(3),
              meta: {},
            ),
          ),
          meta: {
            "compiler::ast::SymbolId": "SymbolId(0)",
          },
        ),
      ],
      arguments: [],
      return_types: FunctionReturn(
        types: [],
        span: "[span]",
      ),
      modifiers: FunctionModifiers(
        is_event_handler: None,
      ),
      meta: {
        "compiler::ast::FunctionId": "FunctionId(0)",
      },
    ),
  ],
  extern_functions: [],
)
