---
source: crates/tapir-script/compiler/src/compile/type_visitor.rs
expression: all_types
input_file: crates/tapir-script/compiler/src/compile/snapshot_tests/type_visitor/basic_variable_success.tapir
---
[
  ("int_prop", Int),
  ("x", Int),
  ("y", Int),
  ("z", Fix),
  ("alpha", Fix),
]
