---
source: crates/tapir-script/compiler/src/compile/optimisations/constant_folding_visitor.rs
expression: pretty_printed
input_file: crates/tapir-script/compiler/src/compile/optimisations/snapshot_tests/constant_folding/association.tapir
---
# @toplevel: {"FunctionId(0)"}

# {"SymbolId(0)"}
int_prop = (
        int_prop # {"SymbolId(0)"}
         + 5);
wait;
# {"SymbolId(0)"}
int_prop = (
        int_prop # {"SymbolId(0)"}
         + -1);
