---
source: crates/tapir-script/compiler/src/compile.rs
expression: decompiled
input_file: crates/tapir-script/compiler/src/snapshot_tests/compiler/fn_call_many_returns.tapir
---
00000000: call	5
00000002: drop	3
00000003: ret	args=0 rets=0 shift=0
00000005: push8	3
00000006: dup	0
00000007: push8	3
00000008: add
00000009: dup	1
00000010: push8	3
00000011: mul
00000012: push8	1
00000013: ret	args=0 rets=3 shift=4
00000015: drop	4
